// Jest Snapshot v1, https://goo.gl/fbAQLP

exports[`SideNavigation tests Check snapshots of SideNavigation are equal. 1`] = `
<DocumentFragment>
  <div
    class="side-navigation"
  >
    <img
      alt="Calc logo"
      class="side-navigation__logo"
      src="/svg/logo-purple.svg"
    />
    <a
      class="side-navigation__link link--dashboard"
      href="/dashboard"
      role="button"
    >
      <div
        class="side-navigation__inner"
      >
        <div
          class="side-navigation__content"
        >
          <img
            alt=""
            class="side-navigation__icon"
            src="/svg/dashboard-icon.svg"
          />
          <h6
            class="side-navigation__label"
          >
            app:nav.dashboard
          </h6>
        </div>
        <div
          class="side-navigation__marker"
        />
      </div>
    </a>
    <a
      class="side-navigation__link link--forecast"
      href="/forecast"
      role="button"
    >
      <div
        class="side-navigation__inner"
      >
        <div
          class="side-navigation__content"
        >
          <img
            alt=""
            class="side-navigation__icon"
            src="/svg/forecast-icon.svg"
          />
          <h6
            class="side-navigation__label"
          >
            app:nav.forecast
          </h6>
        </div>
        <div
          class="side-navigation__marker"
        />
      </div>
    </a>
    <a
      class="side-navigation__link link--audit_dashboard"
      href="/audit_dashboard"
      role="button"
    >
      <div
        class="side-navigation__inner"
      >
        <div
          class="side-navigation__content"
        >
          <img
            alt=""
            class="side-navigation__icon"
            src="/svg/audit-icon.svg"
          />
          <h6
            class="side-navigation__label"
          >
            app:nav.audit
          </h6>
        </div>
        <div
          class="side-navigation__marker"
        />
      </div>
    </a>
    <a
      class="side-navigation__link link--campaigns"
      href="/campaigns"
      role="button"
    >
      <div
        class="side-navigation__inner"
      >
        <div
          class="side-navigation__content"
        >
          <img
            alt=""
            class="side-navigation__icon"
            src="/svg/campaigns-icon.svg"
          />
          <h6
            class="side-navigation__label"
          >
            app:nav.campaigns
          </h6>
        </div>
        <div
          class="side-navigation__marker"
        />
      </div>
    </a>
    <a
      class="side-navigation__link link--settings"
      href="/settings"
      role="button"
    >
      <div
        class="side-navigation__inner"
      >
        <div
          class="side-navigation__content"
        >
          <img
            alt=""
            class="side-navigation__icon"
            src="/svg/settings-icon.svg"
          />
          <h6
            class="side-navigation__label"
          >
            app:nav.settings
          </h6>
        </div>
        <div
          class="side-navigation__marker"
        />
      </div>
    </a>
  </div>
</DocumentFragment>
`;
